convex/orchestrator.ts(33,87): error TS1121: Octal literals are not allowed. Use the syntax '0o0'.
